[WARN] Your node_modules are out of sync with your lockfile. The workspace structure has changed since last install
$ pnpm build && node --test --test-concurrency=2 tests/*.test.ts
$ tsc
TAP version 13
# Subtest: 真实 CLI 跨进程两次 Author / Reviewer 继续、修订与补审，不改旧提交
ok 1 - 真实 CLI 跨进程两次 Author / Reviewer 继续、修订与补审，不改旧提交
  ---
  duration_ms: 66325.1597
  type: 'test'
  ...
# Subtest: CLI 必填 / 白名单 / 互斥、错角色类型、路径越界均不写目标
ok 2 - CLI 必填 / 白名单 / 互斥、错角色类型、路径越界均不写目标
  ---
  duration_ms: 14279.5885
  type: 'test'
  ...
# Subtest: 两个真实子进程 Action 写入竞争只允许一个编号，不删除竞争锁
ok 3 - 两个真实子进程 Action 写入竞争只允许一个编号，不删除竞争锁
  ---
  duration_ms: 8147.2331
  type: 'test'
  ...
# Subtest: 同 Action 两次 Author / Reviewer 提交、修订补审保留原提交和 verdict
ok 4 - 同 Action 两次 Author / Reviewer 提交、修订补审保留原提交和 verdict
  ---
  duration_ms: 831.1194
  type: 'test'
  ...
# Subtest: 错误输入与方法在占号前拒绝，已提交正文不允许 save / 重提
ok 5 - 错误输入与方法在占号前拒绝，已提交正文不允许 save / 重提
  ---
  duration_ms: 285.9072
  type: 'test'
  ...
# Subtest: 提交的必要内容与 verdict 规则，rejected 停止 Owner
ok 6 - 提交的必要内容与 verdict 规则，rejected 停止 Owner
  ---
  duration_ms: 481.827
  type: 'test'
  ...
# Subtest: 固定 Author 丢失仅阻断 Review continue / submit，query 不读其正文
ok 7 - 固定 Author 丢失仅阻断 Review continue / submit，query 不读其正文
  ---
  duration_ms: 497.7356
  type: 'test'
  ...
# Subtest: Review 当前对象身份、阶段、完成状态逐项校验，方法损坏阻断继续
ok 8 - Review 当前对象身份、阶段、完成状态逐项校验，方法损坏阻断继续
  ---
  duration_ms: 320.0169
  type: 'test'
  ...
# Subtest: start 的 run-written 失败保留锁、路径与完整文件
ok 9 - start 的 run-written 失败保留锁、路径与完整文件
  ---
  duration_ms: 50.3715
  type: 'test'
  ...
# Subtest: start 的 before-manifest-commit 失败保留锁、路径与完整文件
ok 10 - start 的 before-manifest-commit 失败保留锁、路径与完整文件
  ---
  duration_ms: 54.1974
  type: 'test'
  ...
# Subtest: start 的 before-readback 失败保留锁、路径与完整文件
ok 11 - start 的 before-readback 失败保留锁、路径与完整文件
  ---
  duration_ms: 62.3792
  type: 'test'
  ...
# Subtest: start 的 before-lock-release 失败保留锁、路径与完整文件
ok 12 - start 的 before-lock-release 失败保留锁、路径与完整文件
  ---
  duration_ms: 85.4327
  type: 'test'
  ...
# Subtest: save 的 before-run-commit 失败保留现场及指针
ok 13 - save 的 before-run-commit 失败保留现场及指针
  ---
  duration_ms: 76.9808
  type: 'test'
  ...
# Subtest: save 的 before-readback 失败保留现场及指针
ok 14 - save 的 before-readback 失败保留现场及指针
  ---
  duration_ms: 74.4803
  type: 'test'
  ...
# Subtest: save 的 before-lock-release 失败保留现场及指针
ok 15 - save 的 before-lock-release 失败保留现场及指针
  ---
  duration_ms: 93.5132
  type: 'test'
  ...
# Subtest: submit 的 before-run-commit 失败保留现场及指针
ok 16 - submit 的 before-run-commit 失败保留现场及指针
  ---
  duration_ms: 99.0267
  type: 'test'
  ...
# Subtest: submit 的 before-readback 失败保留现场及指针
ok 17 - submit 的 before-readback 失败保留现场及指针
  ---
  duration_ms: 101.5508
  type: 'test'
  ...
# Subtest: submit 的 before-lock-release 失败保留现场及指针
ok 18 - submit 的 before-lock-release 失败保留现场及指针
  ---
  duration_ms: 131.3052
  type: 'test'
  ...
# Subtest: 读回实际内容漂移与 rename 失败均不伪装成功
ok 19 - 读回实际内容漂移与 rename 失败均不伪装成功
  ---
  duration_ms: 110.3101
  type: 'test'
  ...
# Subtest: 实际分配跳过空占号、报告残留；重复号失败不修改现场
ok 20 - 实际分配跳过空占号、报告残留；重复号失败不修改现场
  ---
  duration_ms: 182.5253
  type: 'test'
  ...
# Subtest: save / submit 保留未知说明头部，无需读取所选方法正文
ok 21 - save / submit 保留未知说明头部，无需读取所选方法正文
  ---
  duration_ms: 193.1315
  type: 'test'
  ...
# Subtest: 产品 Run 校验真实身份与状态，未知说明不产生路径依赖
ok 22 - 产品 Run 校验真实身份与状态，未知说明不产生路径依赖
  ---
  duration_ms: 3.9685
  type: 'test'
  ...
# Subtest: Run 进展、Author 完成和三种 Review verdict 产生最小 next
ok 23 - Run 进展、Author 完成和三种 Review verdict 产生最小 next
  ---
  duration_ms: 1.3711
  type: 'test'
  ...
# Subtest: 查询只解析当前 Run，坏旧 Run 和失效说明不成为运行前置
ok 24 - 查询只解析当前 Run，坏旧 Run 和失效说明不成为运行前置
  ---
  duration_ms: 79.1797
  type: 'test'
  ...
# Subtest: 当前 product 指针和批次身份矛盾不能回退猜历史
ok 25 - 当前 product 指针和批次身份矛盾不能回退猜历史
  ---
  duration_ms: 39.9805
  type: 'test'
  ...
# Subtest: 阶段 start 拒绝 draft / continuing / 错对象；Review 与局部修订有明确边界
ok 26 - 阶段 start 拒绝 draft / continuing / 错对象；Review 与局部修订有明确边界
  ---
  duration_ms: 0.8587
  type: 'test'
  ...
# Subtest: 真实 CLI Apply 回退参数接线，Review / revise 来源只回到较早阶段
ok 27 - 真实 CLI Apply 回退参数接线，Review / revise 来源只回到较早阶段
  ---
  duration_ms: 3030.0285
  type: 'test'
  ...
# Subtest: Apply / Review Apply handoff 和 rejected revise 保持直接对象与重新审核
ok 28 - Apply / Review Apply handoff 和 rejected revise 保持直接对象与重新审核
  ---
  duration_ms: 2428.6407
  type: 'test'
  ...
# Subtest: 显式 earlier rollback 建立新 Author 和审核链，不使用过去批准跳到 Apply
ok 29 - 显式 earlier rollback 建立新 Author 和审核链，不使用过去批准跳到 Apply
  ---
  duration_ms: 1351.0124
  type: 'test'
  ...
# Subtest: Owner 回退非法目标、陈旧对象、写前漂移和持久化失败保留现场
ok 30 - Owner 回退非法目标、陈旧对象、写前漂移和持久化失败保留现场
  ---
  duration_ms: 1889.4967
  type: 'test'
  ...
# Subtest: RA-D-002：prepared 调用标记提交前真实中断，保留占号并由另一次显式 execute 完成
ok 31 - RA-D-002：prepared 调用标记提交前真实中断，保留占号并由另一次显式 execute 完成
  ---
  duration_ms: 12393.8238
  type: 'test'
  ...
# Subtest: RA-D-002：none 调用标记提交前真实中断，保留占号并由另一次显式 execute 完成
ok 32 - RA-D-002：none 调用标记提交前真实中断，保留占号并由另一次显式 execute 完成
  ---
  duration_ms: 15014.2702
  type: 'test'
  ...
# Subtest: RA-D-002：当前 attempt 非规范号、超出安全整数、非目录与外部 junction 占号在调用前拒绝
ok 33 - RA-D-002：当前 attempt 非规范号、超出安全整数、非目录与外部 junction 占号在调用前拒绝
  ---
  duration_ms: 30313.3996
  type: 'test'
  ...
# Subtest: 两个真实执行进程 / finish 进程竞争同一锁，原生和累计计数只执行一次
ok 34 - 两个真实执行进程 / finish 进程竞争同一锁，原生和累计计数只执行一次
  ---
  duration_ms: 17079.9347
  type: 'test'
  ...
# Subtest: finish 本身也可再次在真实 Run 提交点中断，后续收口不改已提交 Run
ok 35 - finish 本身也可再次在真实 Run 提交点中断，后续收口不改已提交 Run
  ---
  duration_ms: 9060.7993
  type: 'test'
  ...
# Subtest: 实际原生 MODIFIED / REMOVED / RENAMED 同步的定向读回保留未涉及需求
ok 36 - 实际原生 MODIFIED / REMOVED / RENAMED 同步的定向读回保留未涉及需求
  ---
  duration_ms: 8186.8503
  type: 'test'
  ...
# Subtest: 实际日期变更后本地定位；无 count 字段解释为零，编号依据保持不变
ok 37 - 实际日期变更后本地定位；无 count 字段解释为零，编号依据保持不变
  ---
  duration_ms: 9814.7893
  type: 'test'
  ...
# Subtest: 源目标并存、多个候选、编号冲突、元数据 / 规格改变、外链均停止收口且不降级 confirmed
ok 38 - 源目标并存、多个候选、编号冲突、元数据 / 规格改变、外链均停止收口且不降级 confirmed
  ---
  duration_ms: 52948.5746
  type: 'test'
  ...
# Subtest: 原生真实碰撞错误保留公开失败响应，不能凭非零退出证明无效果
ok 39 - 原生真实碰撞错误保留公开失败响应，不能凭非零退出证明无效果
  ---
  duration_ms: 9722.7883
  type: 'test'
  ...
# Subtest: 累计编号继续增长到四位，不从 Run 编号或本 Delivery 重置
ok 40 - 累计编号继续增长到四位，不从 Run 编号或本 Delivery 重置
  ---
  duration_ms: 8826.7043
  type: 'test'
  ...
# Subtest: 实际效果已发生但必要直接批准 / attempt 缺失时 finish 停止，不以源消失判完成
ok 41 - 实际效果已发生但必要直接批准 / attempt 缺失时 finish 停止，不以源消失判完成
  ---
  duration_ms: 16916.3182
  type: 'test'
  ...
# Subtest: Archive prepare 必须直接独立批准及 all_done；准备只建 typed draft，笔记只本地保存
ok 42 - Archive prepare 必须直接独立批准及 all_done；准备只建 typed draft，笔记只本地保存
  ---
  duration_ms: 24325.7223
  type: 'test'
  ...
# Subtest: 真实固定原生 Archive 同步、累计编号、local-only repeated finish 与 prepared Owner rollback
ok 43 - 真实固定原生 Archive 同步、累计编号、local-only repeated finish 与 prepared Owner rollback
  ---
  duration_ms: 14518.3432
  type: 'test'
  ...
# Subtest: 真实原生已完成但公开响应丢失 / 错身份 / 错 root / 越界返回非零，保留错误并由新进程 finish 收口
ok 44 - 真实原生已完成但公开响应丢失 / 错身份 / 错 root / 越界返回非零，保留错误并由新进程 finish 收口
  ---
  duration_ms: 38957.2782
  type: 'test'
  ...
# Subtest: execute 锁内直接批准变化在原生调用前拒绝，不建立 attempt
ok 45 - execute 锁内直接批准变化在原生调用前拒绝，不建立 attempt
  ---
  duration_ms: 7302.7852
  type: 'test'
  ...
# Subtest: RP-D-001：调用标记后真实中断，新进程 finish 仅观察 none；独立 execute 创建第二次尝试
ok 46 - RP-D-001：调用标记后真实中断，新进程 finish 仅观察 none；独立 execute 创建第二次尝试
  ---
  duration_ms: 13695.6705
  type: 'test'
  ...
# Subtest: RP-D-001：真实原生验证失败后、none 保存前中断；保留原错误，观察后 Owner rollback 另建 revise
ok 47 - RP-D-001：真实原生验证失败后、none 保存前中断；保留原错误，观察后 Owner rollback 另建 revise
  ---
  duration_ms: 10828.2638
  type: 'test'
  ...
# Subtest: 真实提交点中断后 finish 只补缺失交接；一次计数、终态 Run 不重写、原生不重调
ok 48 - 真实提交点中断后 finish 只补缺失交接；一次计数、终态 Run 不重写、原生不重调
  ---
  duration_ms: 58279.5693
  type: 'test'
  ...
# Subtest: 无效果现场缺失 / 变化 / 候选 / 活跃或 unknown 写者、观察写入失败均不能伪报 none
ok 49 - 无效果现场缺失 / 变化 / 候选 / 活跃或 unknown 写者、观察写入失败均不能伪报 none
  ---
  duration_ms: 65705.8815
  type: 'test'
  ...
# Subtest: 已保存 none 后重新 execute 仍检查输入、批准和任务；变化不产生新 attempt / 原生调用
ok 50 - 已保存 none 后重新 execute 仍检查输入、批准和任务；变化不产生新 attempt / 原生调用
  ---
  duration_ms: 29605.4861
  type: 'test'
  ...
# Subtest: prepared / invoking / none / confirmed 和部分计数或终态 Run 的只读查询仅解释当前交接
ok 51 - prepared / invoking / none / confirmed 和部分计数或终态 Run 的只读查询仅解释当前交接
  ---
  duration_ms: 47494.2345
  type: 'test'
  ...
# Subtest: 最终查询只依赖当前必要记录，不依赖归档内容、历史说明 / 批准或未知 Ref，不激活下一 Change
ok 52 - 最终查询只依赖当前必要记录，不依赖归档内容、历史说明 / 批准或未知 Ref，不激活下一 Change
  ---
  duration_ms: 11280.1311
  type: 'test'
  ...
# Subtest: 普通活动源缺失仍失败，过渡记录不能用错误类型 / 身份伪装合法归档
ok 53 - 普通活动源缺失仍失败，过渡记录不能用错误类型 / 身份伪装合法归档
  ---
  duration_ms: 2726.7823
  type: 'test'
  ...
# Subtest: RA-D-001：真实退役删除最后需求；正常 execute与 repeated finish
ok 54 - RA-D-001：真实退役删除最后需求；正常 execute与 repeated finish
  ---
  duration_ms: 9114.9251
  type: 'test'
  ...
# Subtest: RA-D-001：真实退役删除最后需求；中断后新进程 local-only finish与 repeated finish
ok 55 - RA-D-001：真实退役删除最后需求；中断后新进程 local-only finish与 repeated finish
  ---
  duration_ms: 8734.3736
  type: 'test'
  ...
# Subtest: RA-D-001：未声明退役 / 剩余需求时的主规格丢失、退役元数据变化与必要输入缺失仍停止
ok 56 - RA-D-001：未声明退役 / 剩余需求时的主规格丢失、退役元数据变化与必要输入缺失仍停止
  ---
  duration_ms: 38343.9467
  type: 'test'
  ...
# Subtest: 帮助、显式目标与参数组合
ok 57 - 帮助、显式目标与参数组合
  ---
  duration_ms: 2.9008
  type: 'test'
  ...
# Subtest: 追加顺序选择活动末项，无 Run 仍选择新项；全部归档选择最后项
ok 58 - 追加顺序选择活动末项，无 Run 仍选择新项；全部归档选择最后项
  ---
  duration_ms: 5.0599
  type: 'test'
  ...
# Subtest: 拒绝错顺序、多活动、编号倒序 / 重复 / 超计数、错批次成员与 Run 身份
ok 59 - 拒绝错顺序、多活动、编号倒序 / 重复 / 超计数、错批次成员与 Run 身份
  ---
  duration_ms: 1.8224
  type: 'test'
  ...
# Subtest: 自引用 YAML store 返回完整人读错误且不写目标
ok 60 - 自引用 YAML store 返回完整人读错误且不写目标
  ---
  duration_ms: 741.2713
  type: 'test'
  ...
# Subtest: 自引用 YAML store 返回完整 JSON错误且不写目标
ok 61 - 自引用 YAML store 返回完整 JSON错误且不写目标
  ---
  duration_ms: 786.1702
  type: 'test'
  ...
# Subtest: 自引用 YAML schema 返回完整人读错误且不写目标
ok 62 - 自引用 YAML schema 返回完整人读错误且不写目标
  ---
  duration_ms: 738.7458
  type: 'test'
  ...
# Subtest: 自引用 YAML schema 返回完整 JSON错误且不写目标
ok 63 - 自引用 YAML schema 返回完整 JSON错误且不写目标
  ---
  duration_ms: 752.8517
  type: 'test'
  ...
# Subtest: 帮助及错误参数无需初始化，项目和 scope 的相对基准明确
ok 64 - 帮助及错误参数无需初始化，项目和 scope 的相对基准明确
  ---
  duration_ms: 4334.2764
  type: 'test'
  ...
# Subtest: 真实新 / 已有配置项目跨进程 Open 与查询，重复 Open 不覆盖
ok 65 - 真实新 / 已有配置项目跨进程 Open 与查询，重复 Open 不覆盖
  ---
  duration_ms: 10205.0478
  type: 'test'
  ...
# Subtest: 真实 Open 时关联 / Open 后 bind，重复关联拒绝，readiness 不推进本地阶段
ok 66 - 真实 Open 时关联 / Open 后 bind，重复关联拒绝，readiness 不推进本地阶段
  ---
  duration_ms: 20335.1528
  type: 'test'
  ...
# Subtest: 关联与范围不成立的 Open 在写前拒绝
ok 67 - 关联与范围不成立的 Open 在写前拒绝
  ---
  duration_ms: 3049.1696
  type: 'test'
  ...
# Subtest: 两个真实子进程的 Open / bind 竞争拒绝，不删已有锁
not ok 68 - 两个真实子进程的 Open / bind 竞争拒绝，不删已有锁
  ---
  duration_ms: 3167.0578
  type: 'test'
  location: 'D:\\Projects\\MenDi\\tests\\concurrency.test.ts:17:1'
  failureType: 'testCodeFailure'
  error: |-
    Expected values to be strictly equal:
    + actual - expected
    
    + 'write-in-progress-or-interrupted'
    - 'existing-mendi-state'
    
  code: 'ERR_ASSERTION'
  name: 'AssertionError'
  expected: 'existing-mendi-state'
  actual: 'write-in-progress-or-interrupted'
  operator: 'strictEqual'
  stack: |-
    TestContext.<anonymous> (file:///D:/Projects/MenDi/tests/concurrency.test.ts:79:14)
    process.processTicksAndRejections (node:internal/process/task_queues:103:5)
    async Test.run (node:internal/test_runner/test:1054:7)
    async startSubtestAfterBootstrap (node:internal/test_runner/harness:296:3)
  ...
# Subtest: 声明拒绝空集合、重复、缺材料 / 差异及短 commit，忽略未知 Ref
ok 69 - 声明拒绝空集合、重复、缺材料 / 差异及短 commit，忽略未知 Ref
  ---
  duration_ms: 2.8202
  type: 'test'
  ...
# Subtest: 首次 admission 只读本轮直接 Archive / Review / Apply，错误身份和缺输入拒绝
ok 70 - 首次 admission 只读本轮直接 Archive / Review / Apply，错误身份和缺输入拒绝
  ---
  duration_ms: 33198.6863
  type: 'test'
  ...
# Subtest: 越界、漏槽位、活动 Change、错误角色 / 方法均在占号前拒绝
ok 71 - 越界、漏槽位、活动 Change、错误角色 / 方法均在占号前拒绝
  ---
  duration_ms: 1661.7466
  type: 'test'
  ...
# Subtest: 尚有实际活动 / 未归档 Change 时不分配正式 Run
ok 72 - 尚有实际活动 / 未归档 Change 时不分配正式 Run
  ---
  duration_ms: 19258.4042
  type: 'test'
  ...
# Subtest: 头部 scope / role / 方法 / actionId / 指针矛盾拒绝，旧 Change 仍读取
ok 73 - 头部 scope / role / 方法 / actionId / 指针矛盾拒绝，旧 Change 仍读取
  ---
  duration_ms: 5905.5213
  type: 'test'
  ...
# Subtest: RA-B-001：首次修复后执行需要完整当前 Review，查询不倒查正文
ok 74 - RA-B-001：首次修复后执行需要完整当前 Review，查询不倒查正文
  ---
  duration_ms: 40895.9693
  type: 'test'
  ...
# Subtest: RA-B-002：当前 query 与指定 status 的 next 使用本次锁 / 日志不稳定观察
ok 75 - RA-B-002：当前 query 与指定 status 的 next 使用本次锁 / 日志不稳定观察
  ---
  duration_ms: 6142.4637
  type: 'test'
  ...
# Subtest: 四个 Delivery 入口精确解析必要参数，未知 / 缺参 / 重复不接受
ok 76 - 四个 Delivery 入口精确解析必要参数，未知 / 缺参 / 重复不接受
  ---
  duration_ms: 2.518
  type: 'test'
  ...
# Subtest: 独立目标测试去除宿主 node:test 上下文，不改宿主环境
ok 77 - 独立目标测试去除宿主 node:test 上下文，不改宿主环境
  ---
  duration_ms: 0.918
  type: 'test'
  ...
# Subtest: 正式运行新子执行；启动前同一 lease 内父子意图持久，普通旧 PASS 不认领
ok 78 - 正式运行新子执行；启动前同一 lease 内父子意图持久，普通旧 PASS 不认领
  ---
  duration_ms: 43561.4825
  type: 'test'
  ...
# Subtest: 真正非零为 failed，历史 status 读取成功不等于 passed
ok 79 - 真正非零为 failed，历史 status 读取成功不等于 passed
  ---
  duration_ms: 5825.1537
  type: 'test'
  ...
# Subtest: 声明固定后工具 / 依赖拒绝 not-run，原始输出留存且不安装、不占子执行
ok 80 - 声明固定后工具 / 依赖拒绝 not-run，原始输出留存且不安装、不占子执行
  ---
  duration_ms: 6355.2799
  type: 'test'
  ...
# Subtest: 选定启动失败保存有子 ID 的 not-run；启动即取消有界、真实关闭或诚实 unknown
ok 81 - 选定启动失败保存有子 ID 的 not-run；启动即取消有界、真实关闭或诚实 unknown
  ---
  duration_ms: 29882.4281
  type: 'test'
  ...
# Subtest: 正式持锁 / 声明 / 入口冲突不生成通过，当前 query 拒绝锁现场
ok 82 - 正式持锁 / 声明 / 入口冲突不生成通过，当前 query 拒绝锁现场
  ---
  duration_ms: 5741.8492
  type: 'test'
  ...
# Subtest: 当前 Delivery 查询不读取旧 Archive / Review / Author、原声明或未知 Ref，重复沿用快照
ok 83 - 当前 Delivery 查询不读取旧 Archive / Review / Author、原声明或未知 Ref，重复沿用快照
  ---
  duration_ms: 46472.9489
  type: 'test'
  ...
# Subtest: 结果与材料 / 当前配置匹配分开，缺当前 package 仍可解释历史事实
ok 84 - 结果与材料 / 当前配置匹配分开，缺当前 package 仍可解释历史事实
  ---
  duration_ms: 6303.1268
  type: 'test'
  ...
# Subtest: 当前必要日志 / 子结果 / 父 Run 缺失、错身份与路径越界明确拒绝
ok 85 - 当前必要日志 / 子结果 / 父 Run 缺失、错身份与路径越界明确拒绝
  ---
  duration_ms: 7778.5414
  type: 'test'
  ...
# Subtest: diagnose 前后观察变化如实报告，方法缺失仅阻止实际开始；坏当前不回退
ok 86 - diagnose 前后观察变化如实报告，方法缺失仅阻止实际开始；坏当前不回退
  ---
  duration_ms: 5883.6392
  type: 'test'
  ...
# Subtest: 明确合法后续关联退出当前选择，保留正式历史；活动项与指针并存拒绝
not ok 87 - 明确合法后续关联退出当前选择，保留正式历史；活动项与指针并存拒绝
  ---
  duration_ms: 9139.75
  type: 'test'
  location: 'D:\\Projects\\MenDi\\tests\\delivery-query.test.ts:149:1'
  failureType: 'testCodeFailure'
  error: |-
    Expected values to be strictly equal:
    + actual - expected
    
    + 'changed'
    - 'unavailable'
    
  code: 'ERR_ASSERTION'
  name: 'AssertionError'
  expected: 'unavailable'
  actual: 'changed'
  operator: 'strictEqual'
  stack: |-
    TestContext.<anonymous> (file:///D:/Projects/MenDi/tests/delivery-query.test.ts:163:10)
    process.processTicksAndRejections (node:internal/process/task_queues:103:5)
    async Test.run (node:internal/test_runner/test:1054:7)
    async Test.processPendingSubtests (node:internal/test_runner/test:744:7)
  ...
# Subtest: 可关联目标不能绕过 failed、未完成修复、未批准 / rejected 或 unknown 交接
ok 88 - 可关联目标不能绕过 failed、未完成修复、未批准 / rejected 或 unknown 交接
  ---
  duration_ms: 48169.4622
  type: 'test'
  ...
# Subtest: 修复 / Review continuing 保持 Action 与 Author；草稿只读本地、提交需要真实对象
ok 89 - 修复 / Review continuing 保持 Action 与 Author；草稿只读本地、提交需要真实对象
  ---
  duration_ms: 43321.9909
  type: 'test'
  ...
# Subtest: changes-requested / 主动修订替换旧批准；rejected 停 Owner，不能普通继续
ok 90 - changes-requested / 主动修订替换旧批准；rejected 停 Owner，不能普通继续
  ---
  duration_ms: 9232.5729
  type: 'test'
  ...
# Subtest: 修复拒绝普通 / 旧失败，普通 submit / continue 不认证正式 full
ok 91 - 修复拒绝普通 / 旧失败，普通 submit / continue 不认证正式 full
  ---
  duration_ms: 14072.604
  type: 'test'
  ...
# Subtest: 两项真实归档 → 正式接线失败 → focused → 定向审核夹具 → 新整次执行及异目录新进程
ok 92 - 两项真实归档 → 正式接线失败 → focused → 定向审核夹具 → 新整次执行及异目录新进程
  ---
  duration_ms: 57362.5211
  type: 'test'
  ...
# Subtest: 已审核的范围内 full 配置修复允许新整次运行，不追读原失败父链
ok 93 - 已审核的范围内 full 配置修复允许新整次运行，不追读原失败父链
  ---
  duration_ms: 15794.959
  type: 'test'
  ...
# Subtest: 同级连续编号、空占号不复用、重复号拒绝
ok 94 - 同级连续编号、空占号不复用、重复号拒绝
  ---
  duration_ms: 42613.9591
  type: 'test'
  ...
# Subtest: 父 Run、manifest、读回和锁释放故障保留实际现场，不重试
ok 95 - 父 Run、manifest、读回和锁释放故障保留实际现场，不重试
  ---
  duration_ms: 14886.0315
  type: 'test'
  ...
# Subtest: 日志、子终态 / 读回与父终态失败均非零并保留 unknown / 锁
not ok 96 - 日志、子终态 / 读回与父终态失败均非零并保留 unknown / 锁
  ---
  duration_ms: 6093.4987
  type: 'test'
  location: 'D:\\Projects\\MenDi\\tests\\delivery-write.test.ts:54:1'
  failureType: 'testCodeFailure'
  error: 'Missing expected exception.'
  code: 'ERR_ASSERTION'
  name: 'AssertionError'
  expected:
  operator: 'throws'
  stack: |-
    TestContext.<anonymous> (file:///D:/Projects/MenDi/tests/delivery-write.test.ts:83:12)
    process.processTicksAndRejections (node:internal/process/task_queues:103:5)
    async Test.run (node:internal/test_runner/test:1054:7)
    async Test.processPendingSubtests (node:internal/test_runner/test:744:7)
  ...
# Subtest: 持锁复核变更不占号；执行期间必要批准和 full 入口变化保留现场
ok 97 - 持锁复核变更不占号；执行期间必要批准和 full 入口变化保留现场
  ---
  duration_ms: 12641.4476
  type: 'test'
  ...
# Subtest: diagnose 本地只读 alive/unknown/not-found，无锁；普通 query 锁行为不变
ok 98 - diagnose 本地只读 alive/unknown/not-found，无锁；普通 query 锁行为不变
  ---
  duration_ms: 160.2707
  type: 'test'
  ...
# Subtest: 真实写入故障的未关联和实际 submitted 区分，临时路径只是观察，不改现场
ok 99 - 真实写入故障的未关联和实际 submitted 区分，临时路径只是观察，不改现场
  ---
  duration_ms: 178.4323
  type: 'test'
  ...
# Subtest: 诊断坏锁、必要记录损坏、读中变化失败，路径/身份/junction不读取外部
ok 100 - 诊断坏锁、必要记录损坏、读中变化失败，路径/身份/junction不读取外部
  ---
  duration_ms: 228.5385
  type: 'test'
  ...
# Subtest: 人工 bootstrap 不解析人工 Run，不支持 --run；参数无 unlock/kill/ignore-lock/工具入口
ok 101 - 人工 bootstrap 不解析人工 Run，不支持 --run；参数无 unlock/kill/ignore-lock/工具入口
  ---
  duration_ms: 16.515
  type: 'test'
  ...
# Subtest: 显式 reservation 等于 current 时，第二次读取不能覆盖首次快照并漏报变化
ok 102 - 显式 reservation 等于 current 时，第二次读取不能覆盖首次快照并漏报变化
  ---
  duration_ms: 72.7554
  type: 'test'
  ...
# Subtest: 路径式 ID 与非对象输入在领域边界拒绝
ok 103 - 路径式 ID 与非对象输入在领域边界拒绝
  ---
  duration_ms: 3.4223
  type: 'test'
  ...
# Subtest: Close 只消费当前事实与直接日志；历史正文、说明与未知 Ref 失效不阻断
ok 104 - Close 只消费当前事实与直接日志；历史正文、说明与未知 Ref 失效不阻断
  ---
  duration_ms: 46702.2283
  type: 'test'
  ...
# Subtest: 必要适用性输入、当前指针、快照、命令与日志错误都在占号前拒绝
ok 105 - 必要适用性输入、当前指针、快照、命令与日志错误都在占号前拒绝
  ---
  duration_ms: 6515.6927
  type: 'test'
  ...
# Subtest: Close 必要输入 junction 越界拒绝，锁内直接执行变化保留 pending 与锁
ok 106 - Close 必要输入 junction 越界拒绝，锁内直接执行变化保留 pending 与锁
  ---
  duration_ms: 6458.1443
  type: 'test'
  ...
# Subtest: closed 后新 Delivery 追加选择，原生归档累计增长，同名 execution 按显式 ID 读取
ok 107 - closed 后新 Delivery 追加选择，原生归档累计增长，同名 execution 按显式 ID 读取
  ---
  duration_ms: 68775.3294
  type: 'test'
  ...
# Subtest: 显式首次 Open 记录 001；可选首次绑定退出 Open 指针，旧入口不补 Run
ok 108 - 显式首次 Open 记录 001；可选首次绑定退出 Open 指针，旧入口不补 Run
  ---
  duration_ms: 1497.5688
  type: 'test'
  ...
# Subtest: 新 Open 在写前拒绝 still open、人工历史、重复 / 占用 ID、缺身份与混合 bind
ok 109 - 新 Open 在写前拒绝 still open、人工历史、重复 / 占用 ID、缺身份与混合 bind
  ---
  duration_ms: 14489.1116
  type: 'test'
  ...
# Subtest: 多索引和多批次显式选择，旧 ordinal 小于总数可解释，执行准入另核对
ok 110 - 多索引和多批次显式选择，旧 ordinal 小于总数可解释，执行准入另核对
  ---
  duration_ms: 10.3224
  type: 'test'
  ...
# Subtest: 生命周期独立头部拒绝错身份、类型、角色、路径及多余执行字段
ok 111 - 生命周期独立头部拒绝错身份、类型、角色、路径及多余执行字段
  ---
  duration_ms: 1.5106
  type: 'test'
  ...
# Subtest: CLI lifecycle resume、记录化首次身份与历史选择参数互斥
ok 112 - CLI lifecycle resume、记录化首次身份与历史选择参数互斥
  ---
  duration_ms: 0.875
  type: 'test'
  ...
# Subtest: 真实 Close → Reopen → 新批次 / 原生 Archive → 新集合整次执行 → Close
ok 113 - 真实 Close → Reopen → 新批次 / 原生 Archive → 新集合整次执行 → Close
  ---
  duration_ms: 63130.2398
  type: 'test'
  ...
# Subtest: Reopen 拒绝旧槽位、空范围、外部 / 循环依赖、非 closed 与错误角色，写前不占号
ok 114 - Reopen 拒绝旧槽位、空范围、外部 / 循环依赖、非 closed 与错误角色，写前不占号
  ---
  duration_ms: 6534.5363
  type: 'test'
  ...
# Subtest: Reopen 后本轮首次失败不继承旧 PASS，当前修复仍须独立审核和新整次结果
ok 115 - Reopen 后本轮首次失败不继承旧 PASS，当前修复仍须独立审核和新整次结果
  ---
  duration_ms: 31128.1322
  type: 'test'
  ...
# Subtest: close 各提交边界中断与显式 resume：终态 / manifest / index / 释放
ok 116 - close 各提交边界中断与显式 resume：终态 / manifest / index / 释放
  ---
  duration_ms: 123754.5609
  type: 'test'
  ...
# Subtest: reopen 各提交边界中断与显式 resume：终态 / manifest / index / 释放
ok 117 - reopen 各提交边界中断与显式 resume：终态 / manifest / index / 释放
  ---
  duration_ms: 102883.3094
  type: 'test'
  ...
# Subtest: open 各提交边界中断与显式 resume：终态 / manifest / index / 释放
ok 118 - open 各提交边界中断与显式 resume：终态 / manifest / index / 释放
  ---
  duration_ms: 87891.978
  type: 'test'
  ...
# Subtest: resume 拒绝原输入改变、错误 actor / 类型、占用目标与后续工作后的陈旧入口
ok 119 - resume 拒绝原输入改变、错误 actor / 类型、占用目标与后续工作后的陈旧入口
  ---
  duration_ms: 8997.448
  type: 'test'
  ...
# Subtest: 首次记录化 Open：入口发布前不猜关联，pending 无 manifest 可诊断并继续
ok 120 - 首次记录化 Open：入口发布前不猜关联，pending 无 manifest 可诊断并继续
  ---
  duration_ms: 13609.0882
  type: 'test'
  ...
# Subtest: 读取真实产品阶段内容与按需指导；错阶段 / 缺方法拒绝
ok 121 - 读取真实产品阶段内容与按需指导；错阶段 / 缺方法拒绝
  ---
  duration_ms: 65.3925
  type: 'test'
  ...
# Subtest: 占号仅扫描约定层级，跨 Change 连续，空目录占号，批次与 artifacts 不占号
ok 122 - 占号仅扫描约定层级，跨 Change 连续，空目录占号，批次与 artifacts 不占号
  ---
  duration_ms: 63.4599
  type: 'test'
  ...
# Subtest: 占号不能沿 junction 到项目外
ok 123 - 占号不能沿 junction 到项目外
  ---
  duration_ms: 7.3207
  type: 'test'
  ...
# Subtest: 真实固定 CLI 的 version/list/status/instructions 读取既有 context/rules
ok 124 - 真实固定 CLI 的 version/list/status/instructions 读取既有 context/rules
  ---
  duration_ms: 8353.1522
  type: 'test'
  ...
# Subtest: 坏 JSON / 缺字段 / root 来源与路径不符 / 版本不符明确失败
ok 125 - 坏 JSON / 缺字段 / root 来源与路径不符 / 版本不符明确失败
  ---
  duration_ms: 12.8605
  type: 'test'
  ...
# Subtest: 启动 / 超时 / 信号 / 非零退出保留实际进程错误
ok 126 - 启动 / 超时 / 信号 / 非零退出保留实际进程错误
  ---
  duration_ms: 7.3061
  type: 'test'
  ...
# Subtest: status 的关联 / schema / 必要字段验证
ok 127 - status 的关联 / schema / 必要字段验证
  ---
  duration_ms: 7.8104
  type: 'test'
  ...
# Subtest: 真实 CLI operation inputs 只读、互斥、当前阶段和 Action 约束
ok 128 - 真实 CLI operation inputs 只读、互斥、当前阶段和 Action 约束
  ---
  duration_ms: 9010.6554
  type: 'test'
  ...
# Subtest: 真实 Apply blocked / ready / all_done 和 Archive 指引保留各自协议
ok 129 - 真实 Apply blocked / ready / all_done 和 Archive 指引保留各自协议
  ---
  duration_ms: 7546.6366
  type: 'test'
  ...
# Subtest: 操作必要字段、进度、身份、路径、guidance 校验；未知 Ref 不读取
ok 130 - 操作必要字段、进度、身份、路径、guidance 校验；未知 Ref 不读取
  ---
  duration_ms: 493.1845
  type: 'test'
  ...
# Subtest: handoff 保持 Action 和笔记，旧 actor 拒绝，新查询不读来源，continue 仅承接最近决策
ok 131 - handoff 保持 Action 和笔记，旧 actor 拒绝，新查询不读来源，continue 仅承接最近决策
  ---
  duration_ms: 393.4539
  type: 'test'
  ...
# Subtest: Reviewer handoff 不改 Author/原 Review，不产生 verdict；固定对象和自签写前拒绝
ok 132 - Reviewer handoff 不改 Author/原 Review，不产生 verdict；固定对象和自签写前拒绝
  ---
  duration_ms: 325.7353
  type: 'test'
  ...
# Subtest: rejected 只能 Owner 同阶段新修订，旧 verdict 不改；普通 start/continue 仍拒绝
ok 133 - rejected 只能 Owner 同阶段新修订，旧 verdict 不改；普通 start/continue 仍拒绝
  ---
  duration_ms: 745.7045
  type: 'test'
  ...
# Subtest: Owner 参数和完整 / 非 rejected / 未完成 Apply 的 revise 处置拒绝，写前无新增占号
ok 134 - Owner 参数和完整 / 非 rejected / 未完成 Apply 的 revise 处置拒绝，写前无新增占号
  ---
  duration_ms: 1472.5726
  type: 'test'
  ...
# Subtest: Reviewer handoff 锁内固定 Author 内容变化或输入不完整时拒绝，不分配新 Run
ok 135 - Reviewer handoff 锁内固定 Author 内容变化或输入不完整时拒绝，不分配新 Run
  ---
  duration_ms: 509.5306
  type: 'test'
  ...
# Subtest: Owner before-manifest-commit 故障保留旧记录和占号现场
ok 136 - Owner before-manifest-commit 故障保留旧记录和占号现场
  ---
  duration_ms: 352.8081
  type: 'test'
  ...
# Subtest: Owner before-readback 故障保留旧记录和占号现场
ok 137 - Owner before-readback 故障保留旧记录和占号现场
  ---
  duration_ms: 295.6217
  type: 'test'
  ...
# Subtest: resolve 锁内复核当前指针、正文；残留占号跳过，竞争锁不删除
ok 138 - resolve 锁内复核当前指针、正文；残留占号跳过，竞争锁不删除
  ---
  duration_ms: 390.9004
  type: 'test'
  ...
# Subtest: 真实 MenDi / OpenSpec：instructions、proof、修改要求、Author / Reviewer handoff、四产物和 rejected 同阶段修订
ok 139 - 真实 MenDi / OpenSpec：instructions、proof、修改要求、Author / Reviewer handoff、四产物和 rejected 同阶段修订
  ---
  duration_ms: 69316.6878
  type: 'test'
  ...
# Subtest: 两个真实进程 resolve 竞争只允许接收 Run，持锁 diagnose 观察存活且不改字节
ok 140 - 两个真实进程 resolve 竞争只允许接收 Run，持锁 diagnose 观察存活且不改字节
  ---
  duration_ms: 11543.3893
  type: 'test'
  ...
# Subtest: 完整 instructions 按当前阶段只读，坏内容和身份拒绝，blocked 依赖不伪报完成
ok 141 - 完整 instructions 按当前阶段只读，坏内容和身份拒绝，blocked 依赖不伪报完成
  ---
  duration_ms: 291.3399
  type: 'test'
  ...
# Subtest: local save 不构造上游，缺入口/版本/status 故障不影响保存，正式操作仍失败
ok 142 - local save 不构造上游，缺入口/版本/status 故障不影响保存，正式操作仍失败
  ---
  duration_ms: 276.7911
  type: 'test'
  ...
# Subtest: save 校验拒绝不改字节，替换后读回失败保留实际正文与锁
ok 143 - save 校验拒绝不改字节，替换后读回失败保留实际正文与锁
  ---
  duration_ms: 211.0874
  type: 'test'
  ...
# Subtest: Reviewer 无固定 Author 正文可保存，submit 和 continue 保留固定对象检查
ok 144 - Reviewer 无固定 Author 正文可保存，submit 和 continue 保留固定对象检查
  ---
  duration_ms: 387.2846
  type: 'test'
  ...
# Subtest: local save 缺配置/活动目录/当前 Run、损坏配置/受管指针和 junction 逐项拒绝
ok 145 - local save 缺配置/活动目录/当前 Run、损坏配置/受管指针和 junction 逐项拒绝
  ---
  duration_ms: 855.8262
  type: 'test'
  ...
# Subtest: 本地新 / 已有配置按显式目标读取并保留原字节
ok 146 - 本地新 / 已有配置按显式目标读取并保留原字节
  ---
  duration_ms: 125.7011
  type: 'test'
  ...
# Subtest: config.yml 仅在主配置不存在时使用，损坏主配置不回退
ok 147 - config.yml 仅在主配置不存在时使用，损坏主配置不回退
  ---
  duration_ms: 31.2569
  type: 'test'
  ...
# Subtest: 有效主配置存在时不解析未选用的 config.yml junction
ok 148 - 有效主配置存在时不解析未选用的 config.yml junction
  ---
  duration_ms: 11.7337
  type: 'test'
  ...
# Subtest: store / 坏 YAML / schema / 子目录 / 裸目录在写前拒绝
ok 149 - store / 坏 YAML / schema / 子目录 / 裸目录在写前拒绝
  ---
  duration_ms: 112.5024
  type: 'test'
  ...
# Subtest: 受管路径拒绝越界和指向外部的 junction
ok 150 - 受管路径拒绝越界和指向外部的 junction
  ---
  duration_ms: 87.2477
  type: 'test'
  ...
# Subtest: 真实上游 planning complete 不自动批准或推进本地 Explore
ok 151 - 真实上游 planning complete 不自动批准或推进本地 Explore
  ---
  duration_ms: 7256.8987
  type: 'test'
  ...
# Subtest: 人工 bootstrap 查询保留交接引用，产品 bind 拒绝改写
ok 152 - 人工 bootstrap 查询保留交接引用，产品 bind 拒绝改写
  ---
  duration_ms: 9784.4624
  type: 'test'
  ...
# Subtest: 历史链接、旧 Delivery 和未知 Ref 不成为活动查询输入
ok 153 - 历史链接、旧 Delivery 和未知 Ref 不成为活动查询输入
  ---
  duration_ms: 5686.259
  type: 'test'
  ...
# Subtest: 人工归档交接在旧目录缺失时只读查询，不调用活动 status
ok 154 - 人工归档交接在旧目录缺失时只读查询，不调用活动 status
  ---
  duration_ms: 7127.0693
  type: 'test'
  ...
# Subtest: 必要 binding 的越界 junction 及矛盾归档记录仍拒绝
ok 155 - 必要 binding 的越界 junction 及矛盾归档记录仍拒绝
  ---
  duration_ms: 14890.3313
  type: 'test'
  ...
# Subtest: 缺入口 / manifest / 坏 JSON / 身份不符 / 残留锁只诊断不修复
ok 156 - 缺入口 / manifest / 坏 JSON / 身份不符 / 残留锁只诊断不修复
  ---
  duration_ms: 18833.4985
  type: 'test'
  ...
# Subtest: 人工归档累计编号与路径一致，保留旧无编号格式
ok 157 - 人工归档累计编号与路径一致，保留旧无编号格式
  ---
  duration_ms: 4.7989
  type: 'test'
  ...
# Subtest: 范围的唯一性、依赖闭合与无环检查
ok 158 - 范围的唯一性、依赖闭合与无环检查
  ---
  duration_ms: 0.4458
  type: 'test'
  ...
# Subtest: 记录格式、身份、关联与版本必须一致
ok 159 - 记录格式、身份、关联与版本必须一致
  ---
  duration_ms: 0.7671
  type: 'test'
  ...
# Subtest: 真实原生两次 Archive / 第二 bind / 无 Run 查询 / 共享批次 / 新进程 / 累计 2
ok 160 - 真实原生两次 Archive / 第二 bind / 无 Run 查询 / 共享批次 / 新进程 / 累计 2
  ---
  duration_ms: 48776.7756
  type: 'test'
  ...
# Subtest: 第二 Archive 计数 / 终态 / manifest 真实中断，新进程只定向收口一次，旧项保持
ok 161 - 第二 Archive 计数 / 终态 / manifest 真实中断，新进程只定向收口一次，旧项保持
  ---
  duration_ms: 113161.2541
  type: 'test'
  ...
# Subtest: 必要当前缺失 / 坏身份仍拒绝，旧历史 / 未知 Ref 不成为输入；依赖和陈旧关联拒绝
ok 162 - 必要当前缺失 / 坏身份仍拒绝，旧历史 / 未知 Ref 不成为输入；依赖和陈旧关联拒绝
  ---
  duration_ms: 29463.7896
  type: 'test'
  ...
# Subtest: RA-B-003：停止命令声称成功但实际 close 未到，普通 / 正式执行有界 unknown
ok 163 - RA-B-003：停止命令声称成功但实际 close 未到，普通 / 正式执行有界 unknown
  ---
  duration_ms: 53529.7538
  type: 'test'
  ...
# Subtest: RP-A-001：版本正确但缺依赖，目标 install 被覆盖，不启动、不占号、不安装
ok 164 - RP-A-001：版本正确但缺依赖，目标 install 被覆盖，不启动、不占号、不安装
  ---
  duration_ms: 3232.2445
  type: 'test'
  ...
# Subtest: 真实同步后预检可执行；增加依赖后不同步，原锁文件与依赖字节保留
ok 165 - 真实同步后预检可执行；增加依赖后不同步，原锁文件与依赖字节保留
  ---
  duration_ms: 11349.547
  type: 'test'
  ...
# Subtest: 预检后外部改变依赖，执行 warn 不自动安装；实际脚本结果仍是真实命令事实
ok 166 - 预检后外部改变依赖，执行 warn 不自动安装；实际脚本结果仍是真实命令事实
  ---
  duration_ms: 7799.2345
  type: 'test'
  ...
# Subtest: 已有脚本自身显式 install 按实际行为执行，不冒充自动安装；不改协作状态
ok 167 - 已有脚本自身显式 install 按实际行为执行，不冒充自动安装；不改协作状态
  ---
  duration_ms: 7474.1735
  type: 'test'
  ...
# Subtest: 空执行占号跳过、重复编号与外部 junction 拒绝；普通查询不读测试历史
ok 168 - 空执行占号跳过、重复编号与外部 junction 拒绝；普通查询不读测试历史
  ---
  duration_ms: 19472.236
  type: 'test'
  ...
# Subtest: 默认映射和覆盖只读取目标已有脚本，list 无 Open、无写入
ok 169 - 默认映射和覆盖只读取目标已有脚本，list 无 Open、无写入
  ---
  duration_ms: 42.8873
  type: 'test'
  ...
# Subtest: 缺失、空值、类型错误、非法映射只阻止相关集合；坏 package / 外部链接拒绝
ok 170 - 缺失、空值、类型错误、非法映射只阻止相关集合；坏 package / 外部链接拒绝
  ---
  duration_ms: 23881.1203
  type: 'test'
  ...
# Subtest: 无下载 / 安装环境键归一且不修改宿主；入口、版本和声明错误均未运行
ok 171 - 无下载 / 安装环境键归一且不修改宿主；入口、版本和声明错误均未运行
  ---
  duration_ms: 2372.2482
  type: 'test'
  ...
# Subtest: 调用者启用 Corepack auto pin，缺 packageManager 的目标仍不被工具预检改写
ok 172 - 调用者启用 Corepack auto pin，缺 packageManager 的目标仍不被工具预检改写
  ---
  duration_ms: 3344.6124
  type: 'test'
  ...
# Subtest: CLI test 参数无上游入口，帮助无副作用，异目录本地 list，缺本地配置拒绝
ok 173 - CLI test 参数无上游入口，帮助无副作用，异目录本地 list，缺本地配置拒绝
  ---
  duration_ms: 752.8798
  type: 'test'
  ...
# Subtest: 真实 focused / fast / full 结果、原始日志、新进程读回与不改协作记录
ok 174 - 真实 focused / fast / full 结果、原始日志、新进程读回与不改协作记录
  ---
  duration_ms: 24936.8692
  type: 'test'
  ...
# Subtest: 跨 await 持有同一锁，当前取消实际终止 pnpm / 前台脚本 / 后代，interrupted 正常释放
ok 175 - 跨 await 持有同一锁，当前取消实际终止 pnpm / 前台脚本 / 后代，interrupted 正常释放
  ---
  duration_ms: 11282.8605
  type: 'test'
  ...
# Subtest: 启动明确失败保存 not-run；意图、日志、终态、读回和释放故障都 unknown 并保留现场
ok 176 - 启动明确失败保存 not-run；意图、日志、终态、读回和释放故障都 unknown 并保留现场
  ---
  duration_ms: 39368.8909
  type: 'test'
  ...
# Subtest: 不能确认停止与真实异常信号保留 unknown，不重跑或根据 pid 猜终态
ok 177 - 不能确认停止与真实异常信号保留 unknown，不重跑或根据 pid 猜终态
  ---
  duration_ms: 14993.8973
  type: 'test'
  ...
# Subtest: 指定 status 无需旧工具、脚本或 Run 正文；输入损坏、缺日志、读中变化及越界拒绝
ok 178 - 指定 status 无需旧工具、脚本或 Run 正文；输入损坏、缺日志、读中变化及越界拒绝
  ---
  duration_ms: 9089.34
  type: 'test'
  ...
# Subtest: 持久 running 意图后写者真实退出，新进程不补写 / 重试 / 处置锁
ok 179 - 持久 running 意图后写者真实退出，新进程不补写 / 重试 / 处置锁
  ---
  duration_ms: 6218.9506
  type: 'test'
  ...
# Subtest: 真实异目录 CLI run 为一份 JSON / 原始日志；closed 和 manual 拒绝且无写入
ok 180 - 真实异目录 CLI run 为一份 JSON / 原始日志；closed 和 manual 拒绝且无写入
  ---
  duration_ms: 7415.8342
  type: 'test'
  ...
# Subtest: 真实日志 short 写入：完整落盘或 unknown 保留现场
ok 181 - 真实日志 short 写入：完整落盘或 unknown 保留现场
  ---
  duration_ms: 8993.071
  type: 'test'
  ...
# Subtest: 真实日志 zero 写入：完整落盘或 unknown 保留现场
ok 182 - 真实日志 zero 写入：完整落盘或 unknown 保留现场
  ---
  duration_ms: 8218.5117
  type: 'test'
  ...
# Subtest: 真实日志 throw 写入：完整落盘或 unknown 保留现场
ok 183 - 真实日志 throw 写入：完整落盘或 unknown 保留现场
  ---
  duration_ms: 10451.365
  type: 'test'
  ...
# Subtest: 完整提交可读回，重复 Open 保留原文件
ok 184 - 完整提交可读回，重复 Open 保留原文件
  ---
  duration_ms: 32.0251
  type: 'test'
  ...
# Subtest: manifest 后 / entry 前 / 读回 / 锁释放故障均不伪报完整成功
ok 185 - manifest 后 / entry 前 / 读回 / 锁释放故障均不伪报完整成功
  ---
  duration_ms: 103.2018
  type: 'test'
  ...
# Subtest: 更新替换失败保持原文件并保留临时现场
ok 186 - 更新替换失败保持原文件并保留临时现场
  ---
  duration_ms: 26.3934
  type: 'test'
  ...
# Subtest: 实际 rename 调用失败时正式 manifest 字节不变
ok 187 - 实际 rename 调用失败时正式 manifest 字节不变
  ---
  duration_ms: 28.8278
  type: 'test'
  ...
# Subtest: 并发写冲突不会删除他人的锁，锁归属改变也不删除
ok 188 - 并发写冲突不会删除他人的锁，锁归属改变也不删除
  ---
  duration_ms: 42.0035
  type: 'test'
  ...
# Subtest: 已有关联的 bind 在创建锁前拒绝
ok 189 - 已有关联的 bind 在创建锁前拒绝
  ---
  duration_ms: 40.0828
  type: 'test'
  ...
1..189
# tests 189
# suites 0
# pass 186
# fail 3
# cancelled 0
# skipped 0
# todo 0
# duration_ms 1281854.8624
[ELIFECYCLE] Test failed. See above for more details.
