$ pnpm build && node --test tests/*.test.ts
$ tsc
TAP version 13
# Subtest: 真实 CLI 跨进程两次 Author / Reviewer 继续、修订与补审，不改旧提交
ok 1 - 真实 CLI 跨进程两次 Author / Reviewer 继续、修订与补审，不改旧提交
  ---
  duration_ms: 97691.6132
  type: 'test'
  ...
# Subtest: CLI 必填 / 白名单 / 互斥、错角色类型、路径越界均不写目标
ok 2 - CLI 必填 / 白名单 / 互斥、错角色类型、路径越界均不写目标
  ---
  duration_ms: 12787.5887
  type: 'test'
  ...
# Subtest: 两个真实子进程 Action 写入竞争只允许一个编号，不删除竞争锁
ok 3 - 两个真实子进程 Action 写入竞争只允许一个编号，不删除竞争锁
  ---
  duration_ms: 7087.4638
  type: 'test'
  ...
# Subtest: 同 Action 两次 Author / Reviewer 提交、修订补审保留原提交和 verdict
ok 4 - 同 Action 两次 Author / Reviewer 提交、修订补审保留原提交和 verdict
  ---
  duration_ms: 658.0142
  type: 'test'
  ...
# Subtest: 错误输入与方法在占号前拒绝，已提交正文不允许 save / 重提
ok 5 - 错误输入与方法在占号前拒绝，已提交正文不允许 save / 重提
  ---
  duration_ms: 151.0297
  type: 'test'
  ...
# Subtest: 提交的必要内容与 verdict 规则，rejected 停止 Owner
ok 6 - 提交的必要内容与 verdict 规则，rejected 停止 Owner
  ---
  duration_ms: 411.018
  type: 'test'
  ...
# Subtest: 固定 Author 丢失仅阻断 Review continue / submit，query 不读其正文
ok 7 - 固定 Author 丢失仅阻断 Review continue / submit，query 不读其正文
  ---
  duration_ms: 635.0834
  type: 'test'
  ...
# Subtest: Review 当前对象身份、阶段、完成状态逐项校验，方法损坏阻断继续
ok 8 - Review 当前对象身份、阶段、完成状态逐项校验，方法损坏阻断继续
  ---
  duration_ms: 720.0092
  type: 'test'
  ...
# Subtest: start 的 run-written 失败保留锁、路径与完整文件
ok 9 - start 的 run-written 失败保留锁、路径与完整文件
  ---
  duration_ms: 387.951
  type: 'test'
  ...
# Subtest: start 的 before-manifest-commit 失败保留锁、路径与完整文件
ok 10 - start 的 before-manifest-commit 失败保留锁、路径与完整文件
  ---
  duration_ms: 149.9611
  type: 'test'
  ...
# Subtest: start 的 before-readback 失败保留锁、路径与完整文件
ok 11 - start 的 before-readback 失败保留锁、路径与完整文件
  ---
  duration_ms: 504.146
  type: 'test'
  ...
# Subtest: start 的 before-lock-release 失败保留锁、路径与完整文件
ok 12 - start 的 before-lock-release 失败保留锁、路径与完整文件
  ---
  duration_ms: 738.4689
  type: 'test'
  ...
# Subtest: save 的 before-run-commit 失败保留现场及指针
ok 13 - save 的 before-run-commit 失败保留现场及指针
  ---
  duration_ms: 1355.3225
  type: 'test'
  ...
# Subtest: save 的 before-readback 失败保留现场及指针
ok 14 - save 的 before-readback 失败保留现场及指针
  ---
  duration_ms: 614.0561
  type: 'test'
  ...
# Subtest: save 的 before-lock-release 失败保留现场及指针
ok 15 - save 的 before-lock-release 失败保留现场及指针
  ---
  duration_ms: 703.8526
  type: 'test'
  ...
# Subtest: submit 的 before-run-commit 失败保留现场及指针
ok 16 - submit 的 before-run-commit 失败保留现场及指针
  ---
  duration_ms: 508.4284
  type: 'test'
  ...
# Subtest: submit 的 before-readback 失败保留现场及指针
ok 17 - submit 的 before-readback 失败保留现场及指针
  ---
  duration_ms: 753.954
  type: 'test'
  ...
# Subtest: submit 的 before-lock-release 失败保留现场及指针
ok 18 - submit 的 before-lock-release 失败保留现场及指针
  ---
  duration_ms: 555.339
  type: 'test'
  ...
# Subtest: 读回实际内容漂移与 rename 失败均不伪装成功
ok 19 - 读回实际内容漂移与 rename 失败均不伪装成功
  ---
  duration_ms: 630.3456
  type: 'test'
  ...
# Subtest: 实际分配跳过空占号、报告残留；重复号失败不修改现场
ok 20 - 实际分配跳过空占号、报告残留；重复号失败不修改现场
  ---
  duration_ms: 738.4124
  type: 'test'
  ...
# Subtest: save / submit 保留未知说明头部，无需读取所选方法正文
ok 21 - save / submit 保留未知说明头部，无需读取所选方法正文
  ---
  duration_ms: 385.7138
  type: 'test'
  ...
# Subtest: 产品 Run 校验真实身份与状态，未知说明不产生路径依赖
ok 22 - 产品 Run 校验真实身份与状态，未知说明不产生路径依赖
  ---
  duration_ms: 3.955
  type: 'test'
  ...
# Subtest: Run 进展、Author 完成和三种 Review verdict 产生最小 next
ok 23 - Run 进展、Author 完成和三种 Review verdict 产生最小 next
  ---
  duration_ms: 0.9158
  type: 'test'
  ...
# Subtest: 查询只解析当前 Run，坏旧 Run 和失效说明不成为运行前置
ok 24 - 查询只解析当前 Run，坏旧 Run 和失效说明不成为运行前置
  ---
  duration_ms: 62.6
  type: 'test'
  ...
# Subtest: 当前 product 指针和批次身份矛盾不能回退猜历史
ok 25 - 当前 product 指针和批次身份矛盾不能回退猜历史
  ---
  duration_ms: 26.9262
  type: 'test'
  ...
# Subtest: 阶段 start 拒绝 draft / continuing / 错对象；Review 与局部修订有明确边界
ok 26 - 阶段 start 拒绝 draft / continuing / 错对象；Review 与局部修订有明确边界
  ---
  duration_ms: 0.8655
  type: 'test'
  ...
# Subtest: 帮助、显式目标与参数组合
ok 27 - 帮助、显式目标与参数组合
  ---
  duration_ms: 1.9486
  type: 'test'
  ...
# Subtest: 自引用 YAML store 返回完整人读错误且不写目标
ok 28 - 自引用 YAML store 返回完整人读错误且不写目标
  ---
  duration_ms: 3404.7078
  type: 'test'
  ...
# Subtest: 自引用 YAML store 返回完整 JSON错误且不写目标
ok 29 - 自引用 YAML store 返回完整 JSON错误且不写目标
  ---
  duration_ms: 1533.5186
  type: 'test'
  ...
# Subtest: 自引用 YAML schema 返回完整人读错误且不写目标
ok 30 - 自引用 YAML schema 返回完整人读错误且不写目标
  ---
  duration_ms: 1194.2209
  type: 'test'
  ...
# Subtest: 自引用 YAML schema 返回完整 JSON错误且不写目标
ok 31 - 自引用 YAML schema 返回完整 JSON错误且不写目标
  ---
  duration_ms: 1327.2234
  type: 'test'
  ...
# Subtest: 帮助及错误参数无需初始化，项目和 scope 的相对基准明确
ok 32 - 帮助及错误参数无需初始化，项目和 scope 的相对基准明确
  ---
  duration_ms: 6599.722
  type: 'test'
  ...
# Subtest: 真实新 / 已有配置项目跨进程 Open 与查询，重复 Open 不覆盖
ok 33 - 真实新 / 已有配置项目跨进程 Open 与查询，重复 Open 不覆盖
  ---
  duration_ms: 13857.5297
  type: 'test'
  ...
# Subtest: 真实 Open 时关联 / Open 后 bind，重复关联拒绝，readiness 不推进本地阶段
ok 34 - 真实 Open 时关联 / Open 后 bind，重复关联拒绝，readiness 不推进本地阶段
  ---
  duration_ms: 29994.369
  type: 'test'
  ...
# Subtest: 关联与范围不成立的 Open 在写前拒绝
ok 35 - 关联与范围不成立的 Open 在写前拒绝
  ---
  duration_ms: 6287.2787
  type: 'test'
  ...
# Subtest: 两个真实子进程的 Open / bind 竞争拒绝，不删已有锁
ok 36 - 两个真实子进程的 Open / bind 竞争拒绝，不删已有锁
  ---
  duration_ms: 19080.1273
  type: 'test'
  ...
# Subtest: diagnose 本地只读 alive/unknown/not-found，无锁；普通 query 锁行为不变
ok 37 - diagnose 本地只读 alive/unknown/not-found，无锁；普通 query 锁行为不变
  ---
  duration_ms: 395.0001
  type: 'test'
  ...
# Subtest: 真实写入故障的未关联和实际 submitted 区分，临时路径只是观察，不改现场
ok 38 - 真实写入故障的未关联和实际 submitted 区分，临时路径只是观察，不改现场
  ---
  duration_ms: 205.3063
  type: 'test'
  ...
# Subtest: 诊断坏锁、必要记录损坏、读中变化失败，路径/身份/junction不读取外部
ok 39 - 诊断坏锁、必要记录损坏、读中变化失败，路径/身份/junction不读取外部
  ---
  duration_ms: 326.6174
  type: 'test'
  ...
# Subtest: 人工 bootstrap 不解析人工 Run，不支持 --run；参数无 unlock/kill/ignore-lock/工具入口
ok 40 - 人工 bootstrap 不解析人工 Run，不支持 --run；参数无 unlock/kill/ignore-lock/工具入口
  ---
  duration_ms: 16.9217
  type: 'test'
  ...
# Subtest: 显式 reservation 等于 current 时，第二次读取不能覆盖首次快照并漏报变化
ok 41 - 显式 reservation 等于 current 时，第二次读取不能覆盖首次快照并漏报变化
  ---
  duration_ms: 221.9753
  type: 'test'
  ...
# Subtest: 路径式 ID 与非对象输入在领域边界拒绝
ok 42 - 路径式 ID 与非对象输入在领域边界拒绝
  ---
  duration_ms: 4.5876
  type: 'test'
  ...
# Subtest: 读取真实产品阶段内容与按需指导；错阶段 / 缺方法拒绝
ok 43 - 读取真实产品阶段内容与按需指导；错阶段 / 缺方法拒绝
  ---
  duration_ms: 51.519
  type: 'test'
  ...
# Subtest: 占号仅扫描约定层级，跨 Change 连续，空目录占号，批次与 artifacts 不占号
ok 44 - 占号仅扫描约定层级，跨 Change 连续，空目录占号，批次与 artifacts 不占号
  ---
  duration_ms: 57.8183
  type: 'test'
  ...
# Subtest: 占号不能沿 junction 到项目外
ok 45 - 占号不能沿 junction 到项目外
  ---
  duration_ms: 6.0896
  type: 'test'
  ...
# Subtest: 真实固定 CLI 的 version/list/status/instructions 读取既有 context/rules
ok 46 - 真实固定 CLI 的 version/list/status/instructions 读取既有 context/rules
  ---
  duration_ms: 13379.3733
  type: 'test'
  ...
# Subtest: 坏 JSON / 缺字段 / root 来源与路径不符 / 版本不符明确失败
ok 47 - 坏 JSON / 缺字段 / root 来源与路径不符 / 版本不符明确失败
  ---
  duration_ms: 29.0296
  type: 'test'
  ...
# Subtest: 启动 / 超时 / 信号 / 非零退出保留实际进程错误
ok 48 - 启动 / 超时 / 信号 / 非零退出保留实际进程错误
  ---
  duration_ms: 21.6238
  type: 'test'
  ...
# Subtest: status 的关联 / schema / 必要字段验证
ok 49 - status 的关联 / schema / 必要字段验证
  ---
  duration_ms: 58.7159
  type: 'test'
  ...
# Subtest: handoff 保持 Action 和笔记，旧 actor 拒绝，新查询不读来源，continue 仅承接最近决策
ok 50 - handoff 保持 Action 和笔记，旧 actor 拒绝，新查询不读来源，continue 仅承接最近决策
  ---
  duration_ms: 374.7876
  type: 'test'
  ...
# Subtest: Reviewer handoff 不改 Author/原 Review，不产生 verdict；固定对象和自签写前拒绝
ok 51 - Reviewer handoff 不改 Author/原 Review，不产生 verdict；固定对象和自签写前拒绝
  ---
  duration_ms: 611.6095
  type: 'test'
  ...
# Subtest: rejected 只能 Owner 同阶段新修订，旧 verdict 不改；普通 start/continue 仍拒绝
ok 52 - rejected 只能 Owner 同阶段新修订，旧 verdict 不改；普通 start/continue 仍拒绝
  ---
  duration_ms: 1571.8364
  type: 'test'
  ...
# Subtest: Owner 参数和完整 / 非 rejected / Apply 状态处置拒绝，写前无新增占号
ok 53 - Owner 参数和完整 / 非 rejected / Apply 状态处置拒绝，写前无新增占号
  ---
  duration_ms: 4011.961
  type: 'test'
  ...
# Subtest: Reviewer handoff 锁内固定 Author 内容变化或输入不完整时拒绝，不分配新 Run
ok 54 - Reviewer handoff 锁内固定 Author 内容变化或输入不完整时拒绝，不分配新 Run
  ---
  duration_ms: 909.8302
  type: 'test'
  ...
# Subtest: Owner before-manifest-commit 故障保留旧记录和占号现场
ok 55 - Owner before-manifest-commit 故障保留旧记录和占号现场
  ---
  duration_ms: 474.0933
  type: 'test'
  ...
# Subtest: Owner before-readback 故障保留旧记录和占号现场
ok 56 - Owner before-readback 故障保留旧记录和占号现场
  ---
  duration_ms: 435.9819
  type: 'test'
  ...
# Subtest: resolve 锁内复核当前指针、正文；残留占号跳过，竞争锁不删除
ok 57 - resolve 锁内复核当前指针、正文；残留占号跳过，竞争锁不删除
  ---
  duration_ms: 538.3659
  type: 'test'
  ...
# Subtest: 真实 MenDi / OpenSpec：instructions、proof、修改要求、Author / Reviewer handoff、四产物和 rejected 同阶段修订
ok 58 - 真实 MenDi / OpenSpec：instructions、proof、修改要求、Author / Reviewer handoff、四产物和 rejected 同阶段修订
  ---
  duration_ms: 92015.3186
  type: 'test'
  ...
# Subtest: 两个真实进程 resolve 竞争只允许接收 Run，持锁 diagnose 观察存活且不改字节
ok 59 - 两个真实进程 resolve 竞争只允许接收 Run，持锁 diagnose 观察存活且不改字节
  ---
  duration_ms: 8667.8455
  type: 'test'
  ...
# Subtest: 完整 instructions 按当前阶段只读，坏内容和身份拒绝，blocked 依赖不伪报完成
ok 60 - 完整 instructions 按当前阶段只读，坏内容和身份拒绝，blocked 依赖不伪报完成
  ---
  duration_ms: 352.8268
  type: 'test'
  ...
# Subtest: local save 不构造上游，缺入口/版本/status 故障不影响保存，正式操作仍失败
ok 61 - local save 不构造上游，缺入口/版本/status 故障不影响保存，正式操作仍失败
  ---
  duration_ms: 531.9429
  type: 'test'
  ...
# Subtest: save 校验拒绝不改字节，替换后读回失败保留实际正文与锁
ok 62 - save 校验拒绝不改字节，替换后读回失败保留实际正文与锁
  ---
  duration_ms: 419.5256
  type: 'test'
  ...
# Subtest: Reviewer 无固定 Author 正文可保存，submit 和 continue 保留固定对象检查
ok 63 - Reviewer 无固定 Author 正文可保存，submit 和 continue 保留固定对象检查
  ---
  duration_ms: 694.6894
  type: 'test'
  ...
# Subtest: local save 缺配置/活动目录/当前 Run、损坏配置/受管指针和 junction 逐项拒绝
ok 64 - local save 缺配置/活动目录/当前 Run、损坏配置/受管指针和 junction 逐项拒绝
  ---
  duration_ms: 4629.4888
  type: 'test'
  ...
# Subtest: 本地新 / 已有配置按显式目标读取并保留原字节
ok 65 - 本地新 / 已有配置按显式目标读取并保留原字节
  ---
  duration_ms: 58.9541
  type: 'test'
  ...
# Subtest: config.yml 仅在主配置不存在时使用，损坏主配置不回退
ok 66 - config.yml 仅在主配置不存在时使用，损坏主配置不回退
  ---
  duration_ms: 15.285
  type: 'test'
  ...
# Subtest: 有效主配置存在时不解析未选用的 config.yml junction
ok 67 - 有效主配置存在时不解析未选用的 config.yml junction
  ---
  duration_ms: 8.2893
  type: 'test'
  ...
# Subtest: store / 坏 YAML / schema / 子目录 / 裸目录在写前拒绝
ok 68 - store / 坏 YAML / schema / 子目录 / 裸目录在写前拒绝
  ---
  duration_ms: 21.4195
  type: 'test'
  ...
# Subtest: 受管路径拒绝越界和指向外部的 junction
ok 69 - 受管路径拒绝越界和指向外部的 junction
  ---
  duration_ms: 11.0533
  type: 'test'
  ...
# Subtest: 真实上游 planning complete 不自动批准或推进本地 Explore
ok 70 - 真实上游 planning complete 不自动批准或推进本地 Explore
  ---
  duration_ms: 8868.9174
  type: 'test'
  ...
# Subtest: 人工 bootstrap 查询保留交接引用，产品 bind 拒绝改写
ok 71 - 人工 bootstrap 查询保留交接引用，产品 bind 拒绝改写
  ---
  duration_ms: 11845.7236
  type: 'test'
  ...
# Subtest: 历史链接、旧 Delivery 和未知 Ref 不成为活动查询输入
ok 72 - 历史链接、旧 Delivery 和未知 Ref 不成为活动查询输入
  ---
  duration_ms: 5014.1216
  type: 'test'
  ...
# Subtest: 人工归档交接在旧目录缺失时只读查询，不调用活动 status
ok 73 - 人工归档交接在旧目录缺失时只读查询，不调用活动 status
  ---
  duration_ms: 7425.9879
  type: 'test'
  ...
# Subtest: 必要 binding 的越界 junction 及矛盾归档记录仍拒绝
ok 74 - 必要 binding 的越界 junction 及矛盾归档记录仍拒绝
  ---
  duration_ms: 10950.6685
  type: 'test'
  ...
# Subtest: 缺入口 / manifest / 坏 JSON / 身份不符 / 残留锁只诊断不修复
ok 75 - 缺入口 / manifest / 坏 JSON / 身份不符 / 残留锁只诊断不修复
  ---
  duration_ms: 20978.5548
  type: 'test'
  ...
# Subtest: 人工归档累计编号与路径一致，保留旧无编号格式
ok 76 - 人工归档累计编号与路径一致，保留旧无编号格式
  ---
  duration_ms: 7.9605
  type: 'test'
  ...
# Subtest: 范围的唯一性、依赖闭合与无环检查
ok 77 - 范围的唯一性、依赖闭合与无环检查
  ---
  duration_ms: 0.67
  type: 'test'
  ...
# Subtest: 记录格式、身份、关联与版本必须一致
ok 78 - 记录格式、身份、关联与版本必须一致
  ---
  duration_ms: 0.8771
  type: 'test'
  ...
# Subtest: 完整提交可读回，重复 Open 保留原文件
ok 79 - 完整提交可读回，重复 Open 保留原文件
  ---
  duration_ms: 38.2113
  type: 'test'
  ...
# Subtest: manifest 后 / entry 前 / 读回 / 锁释放故障均不伪报完整成功
ok 80 - manifest 后 / entry 前 / 读回 / 锁释放故障均不伪报完整成功
  ---
  duration_ms: 933.1944
  type: 'test'
  ...
# Subtest: 更新替换失败保持原文件并保留临时现场
ok 81 - 更新替换失败保持原文件并保留临时现场
  ---
  duration_ms: 445.1907
  type: 'test'
  ...
# Subtest: 实际 rename 调用失败时正式 manifest 字节不变
ok 82 - 实际 rename 调用失败时正式 manifest 字节不变
  ---
  duration_ms: 646.2471
  type: 'test'
  ...
# Subtest: 并发写冲突不会删除他人的锁，锁归属改变也不删除
ok 83 - 并发写冲突不会删除他人的锁，锁归属改变也不删除
  ---
  duration_ms: 845.0421
  type: 'test'
  ...
# Subtest: 已有关联的 bind 在创建锁前拒绝
ok 84 - 已有关联的 bind 在创建锁前拒绝
  ---
  duration_ms: 202.7255
  type: 'test'
  ...
1..84
# tests 84
# suites 0
# pass 84
# fail 0
# cancelled 0
# skipped 0
# todo 0
# duration_ms 117863.2987
