$ pnpm build && node --test tests/*.test.ts
$ tsc
TAP version 13
# Subtest: 真实 CLI 跨进程两次 Author / Reviewer 继续、修订与补审，不改旧提交
ok 1 - 真实 CLI 跨进程两次 Author / Reviewer 继续、修订与补审，不改旧提交
  ---
  duration_ms: 69070.9956
  type: 'test'
  ...
# Subtest: CLI 必填 / 白名单 / 互斥、错角色类型、路径越界均不写目标
ok 2 - CLI 必填 / 白名单 / 互斥、错角色类型、路径越界均不写目标
  ---
  duration_ms: 13831.384
  type: 'test'
  ...
# Subtest: 两个真实子进程 Action 写入竞争只允许一个编号，不删除竞争锁
ok 3 - 两个真实子进程 Action 写入竞争只允许一个编号，不删除竞争锁
  ---
  duration_ms: 7499.3754
  type: 'test'
  ...
# Subtest: 同 Action 两次 Author / Reviewer 提交、修订补审保留原提交和 verdict
ok 4 - 同 Action 两次 Author / Reviewer 提交、修订补审保留原提交和 verdict
  ---
  duration_ms: 2296.4117
  type: 'test'
  ...
# Subtest: 错误输入与方法在占号前拒绝，已提交正文不允许 save / 重提
ok 5 - 错误输入与方法在占号前拒绝，已提交正文不允许 save / 重提
  ---
  duration_ms: 506.5246
  type: 'test'
  ...
# Subtest: 提交的必要内容与 verdict 规则，rejected 停止 Owner
ok 6 - 提交的必要内容与 verdict 规则，rejected 停止 Owner
  ---
  duration_ms: 1166.2921
  type: 'test'
  ...
# Subtest: 固定 Author 丢失仅阻断 Review continue / submit，query 不读其正文
ok 7 - 固定 Author 丢失仅阻断 Review continue / submit，query 不读其正文
  ---
  duration_ms: 1439.2731
  type: 'test'
  ...
# Subtest: Review 当前对象身份、阶段、完成状态逐项校验，方法损坏阻断继续
ok 8 - Review 当前对象身份、阶段、完成状态逐项校验，方法损坏阻断继续
  ---
  duration_ms: 692.6177
  type: 'test'
  ...
# Subtest: start 的 run-written 失败保留锁、路径与完整文件
ok 9 - start 的 run-written 失败保留锁、路径与完整文件
  ---
  duration_ms: 121.1783
  type: 'test'
  ...
# Subtest: start 的 before-manifest-commit 失败保留锁、路径与完整文件
ok 10 - start 的 before-manifest-commit 失败保留锁、路径与完整文件
  ---
  duration_ms: 89.7178
  type: 'test'
  ...
# Subtest: start 的 before-readback 失败保留锁、路径与完整文件
ok 11 - start 的 before-readback 失败保留锁、路径与完整文件
  ---
  duration_ms: 93.2325
  type: 'test'
  ...
# Subtest: start 的 before-lock-release 失败保留锁、路径与完整文件
ok 12 - start 的 before-lock-release 失败保留锁、路径与完整文件
  ---
  duration_ms: 130.203
  type: 'test'
  ...
# Subtest: save 的 before-run-commit 失败保留现场及指针
ok 13 - save 的 before-run-commit 失败保留现场及指针
  ---
  duration_ms: 178.1051
  type: 'test'
  ...
# Subtest: save 的 before-readback 失败保留现场及指针
ok 14 - save 的 before-readback 失败保留现场及指针
  ---
  duration_ms: 164.6678
  type: 'test'
  ...
# Subtest: save 的 before-lock-release 失败保留现场及指针
ok 15 - save 的 before-lock-release 失败保留现场及指针
  ---
  duration_ms: 299.0996
  type: 'test'
  ...
# Subtest: submit 的 before-run-commit 失败保留现场及指针
ok 16 - submit 的 before-run-commit 失败保留现场及指针
  ---
  duration_ms: 254.799
  type: 'test'
  ...
# Subtest: submit 的 before-readback 失败保留现场及指针
ok 17 - submit 的 before-readback 失败保留现场及指针
  ---
  duration_ms: 315.3369
  type: 'test'
  ...
# Subtest: submit 的 before-lock-release 失败保留现场及指针
ok 18 - submit 的 before-lock-release 失败保留现场及指针
  ---
  duration_ms: 226.9572
  type: 'test'
  ...
# Subtest: 读回实际内容漂移与 rename 失败均不伪装成功
ok 19 - 读回实际内容漂移与 rename 失败均不伪装成功
  ---
  duration_ms: 286.27
  type: 'test'
  ...
# Subtest: 实际分配跳过空占号、报告残留；重复号失败不修改现场
ok 20 - 实际分配跳过空占号、报告残留；重复号失败不修改现场
  ---
  duration_ms: 287.5689
  type: 'test'
  ...
# Subtest: save / submit 保留未知说明头部，无需读取所选方法正文
ok 21 - save / submit 保留未知说明头部，无需读取所选方法正文
  ---
  duration_ms: 286.7709
  type: 'test'
  ...
# Subtest: 产品 Run 校验真实身份与状态，未知说明不产生路径依赖
ok 22 - 产品 Run 校验真实身份与状态，未知说明不产生路径依赖
  ---
  duration_ms: 4.3641
  type: 'test'
  ...
# Subtest: Run 进展、Author 完成和三种 Review verdict 产生最小 next
ok 23 - Run 进展、Author 完成和三种 Review verdict 产生最小 next
  ---
  duration_ms: 0.9759
  type: 'test'
  ...
# Subtest: 查询只解析当前 Run，坏旧 Run 和失效说明不成为运行前置
ok 24 - 查询只解析当前 Run，坏旧 Run 和失效说明不成为运行前置
  ---
  duration_ms: 125.8674
  type: 'test'
  ...
# Subtest: 当前 product 指针和批次身份矛盾不能回退猜历史
ok 25 - 当前 product 指针和批次身份矛盾不能回退猜历史
  ---
  duration_ms: 72.3899
  type: 'test'
  ...
# Subtest: 阶段 start 拒绝 draft / continuing / 错对象；Review 与局部修订有明确边界
ok 26 - 阶段 start 拒绝 draft / continuing / 错对象；Review 与局部修订有明确边界
  ---
  duration_ms: 0.8272
  type: 'test'
  ...
# Subtest: 帮助、显式目标与参数组合
ok 27 - 帮助、显式目标与参数组合
  ---
  duration_ms: 3.4061
  type: 'test'
  ...
# Subtest: 自引用 YAML store 返回完整人读错误且不写目标
ok 28 - 自引用 YAML store 返回完整人读错误且不写目标
  ---
  duration_ms: 1313.3177
  type: 'test'
  ...
# Subtest: 自引用 YAML store 返回完整 JSON错误且不写目标
ok 29 - 自引用 YAML store 返回完整 JSON错误且不写目标
  ---
  duration_ms: 1169.2417
  type: 'test'
  ...
# Subtest: 自引用 YAML schema 返回完整人读错误且不写目标
ok 30 - 自引用 YAML schema 返回完整人读错误且不写目标
  ---
  duration_ms: 1020.5619
  type: 'test'
  ...
# Subtest: 自引用 YAML schema 返回完整 JSON错误且不写目标
ok 31 - 自引用 YAML schema 返回完整 JSON错误且不写目标
  ---
  duration_ms: 1075.7056
  type: 'test'
  ...
# Subtest: 帮助及错误参数无需初始化，项目和 scope 的相对基准明确
ok 32 - 帮助及错误参数无需初始化，项目和 scope 的相对基准明确
  ---
  duration_ms: 5553.0618
  type: 'test'
  ...
# Subtest: 真实新 / 已有配置项目跨进程 Open 与查询，重复 Open 不覆盖
ok 33 - 真实新 / 已有配置项目跨进程 Open 与查询，重复 Open 不覆盖
  ---
  duration_ms: 10576.8039
  type: 'test'
  ...
# Subtest: 真实 Open 时关联 / Open 后 bind，重复关联拒绝，readiness 不推进本地阶段
ok 34 - 真实 Open 时关联 / Open 后 bind，重复关联拒绝，readiness 不推进本地阶段
  ---
  duration_ms: 22111.1649
  type: 'test'
  ...
# Subtest: 关联与范围不成立的 Open 在写前拒绝
ok 35 - 关联与范围不成立的 Open 在写前拒绝
  ---
  duration_ms: 3094.1028
  type: 'test'
  ...
# Subtest: 两个真实子进程的 Open / bind 竞争拒绝，不删已有锁
ok 36 - 两个真实子进程的 Open / bind 竞争拒绝，不删已有锁
  ---
  duration_ms: 14934.7427
  type: 'test'
  ...
# Subtest: diagnose 本地只读 alive/unknown/not-found，无锁；普通 query 锁行为不变
ok 37 - diagnose 本地只读 alive/unknown/not-found，无锁；普通 query 锁行为不变
  ---
  duration_ms: 388.3901
  type: 'test'
  ...
# Subtest: 真实写入故障的未关联和实际 submitted 区分，临时路径只是观察，不改现场
ok 38 - 真实写入故障的未关联和实际 submitted 区分，临时路径只是观察，不改现场
  ---
  duration_ms: 880.6224
  type: 'test'
  ...
# Subtest: 诊断坏锁、必要记录损坏、读中变化失败，路径/身份/junction不读取外部
ok 39 - 诊断坏锁、必要记录损坏、读中变化失败，路径/身份/junction不读取外部
  ---
  duration_ms: 839.2156
  type: 'test'
  ...
# Subtest: 人工 bootstrap 不解析人工 Run，不支持 --run；参数无 unlock/kill/ignore-lock/工具入口
ok 40 - 人工 bootstrap 不解析人工 Run，不支持 --run；参数无 unlock/kill/ignore-lock/工具入口
  ---
  duration_ms: 16.0825
  type: 'test'
  ...
# Subtest: 路径式 ID 与非对象输入在领域边界拒绝
ok 41 - 路径式 ID 与非对象输入在领域边界拒绝
  ---
  duration_ms: 3.6579
  type: 'test'
  ...
# Subtest: 读取真实产品阶段内容与按需指导；错阶段 / 缺方法拒绝
ok 42 - 读取真实产品阶段内容与按需指导；错阶段 / 缺方法拒绝
  ---
  duration_ms: 95.0524
  type: 'test'
  ...
# Subtest: 占号仅扫描约定层级，跨 Change 连续，空目录占号，批次与 artifacts 不占号
ok 43 - 占号仅扫描约定层级，跨 Change 连续，空目录占号，批次与 artifacts 不占号
  ---
  duration_ms: 102.2361
  type: 'test'
  ...
# Subtest: 占号不能沿 junction 到项目外
ok 44 - 占号不能沿 junction 到项目外
  ---
  duration_ms: 15.8448
  type: 'test'
  ...
# Subtest: 真实固定 CLI 的 version/list/status/instructions 读取既有 context/rules
ok 45 - 真实固定 CLI 的 version/list/status/instructions 读取既有 context/rules
  ---
  duration_ms: 10050.2278
  type: 'test'
  ...
# Subtest: 坏 JSON / 缺字段 / root 来源与路径不符 / 版本不符明确失败
ok 46 - 坏 JSON / 缺字段 / root 来源与路径不符 / 版本不符明确失败
  ---
  duration_ms: 19.3997
  type: 'test'
  ...
# Subtest: 启动 / 超时 / 信号 / 非零退出保留实际进程错误
ok 47 - 启动 / 超时 / 信号 / 非零退出保留实际进程错误
  ---
  duration_ms: 15.9789
  type: 'test'
  ...
# Subtest: status 的关联 / schema / 必要字段验证
ok 48 - status 的关联 / schema / 必要字段验证
  ---
  duration_ms: 16.2834
  type: 'test'
  ...
# Subtest: handoff 保持 Action 和笔记，旧 actor 拒绝，新查询不读来源，continue 仅承接最近决策
ok 49 - handoff 保持 Action 和笔记，旧 actor 拒绝，新查询不读来源，continue 仅承接最近决策
  ---
  duration_ms: 1189.3794
  type: 'test'
  ...
# Subtest: Reviewer handoff 不改 Author/原 Review，不产生 verdict；固定对象和自签写前拒绝
ok 50 - Reviewer handoff 不改 Author/原 Review，不产生 verdict；固定对象和自签写前拒绝
  ---
  duration_ms: 745.7987
  type: 'test'
  ...
# Subtest: rejected 只能 Owner 同阶段新修订，旧 verdict 不改；普通 start/continue 仍拒绝
ok 51 - rejected 只能 Owner 同阶段新修订，旧 verdict 不改；普通 start/continue 仍拒绝
  ---
  duration_ms: 798.2834
  type: 'test'
  ...
# Subtest: Owner 参数和完整 / 非 rejected / Apply 状态处置拒绝，写前无新增占号
ok 52 - Owner 参数和完整 / 非 rejected / Apply 状态处置拒绝，写前无新增占号
  ---
  duration_ms: 1765.213
  type: 'test'
  ...
# Subtest: Owner before-manifest-commit 故障保留旧记录和占号现场
ok 53 - Owner before-manifest-commit 故障保留旧记录和占号现场
  ---
  duration_ms: 182.6817
  type: 'test'
  ...
# Subtest: Owner before-readback 故障保留旧记录和占号现场
ok 54 - Owner before-readback 故障保留旧记录和占号现场
  ---
  duration_ms: 284.6624
  type: 'test'
  ...
# Subtest: resolve 锁内复核当前指针、正文；残留占号跳过，竞争锁不删除
ok 55 - resolve 锁内复核当前指针、正文；残留占号跳过，竞争锁不删除
  ---
  duration_ms: 271.99
  type: 'test'
  ...
# Subtest: 真实 MenDi / OpenSpec：instructions、proof、修改要求、Author / Reviewer handoff、四产物和 rejected 同阶段修订
ok 56 - 真实 MenDi / OpenSpec：instructions、proof、修改要求、Author / Reviewer handoff、四产物和 rejected 同阶段修订
  ---
  duration_ms: 64825.6012
  type: 'test'
  ...
# Subtest: 两个真实进程 resolve 竞争只允许接收 Run，持锁 diagnose 观察存活且不改字节
ok 57 - 两个真实进程 resolve 竞争只允许接收 Run，持锁 diagnose 观察存活且不改字节
  ---
  duration_ms: 8915.5455
  type: 'test'
  ...
# Subtest: 完整 instructions 按当前阶段只读，坏内容和身份拒绝，blocked 依赖不伪报完成
ok 58 - 完整 instructions 按当前阶段只读，坏内容和身份拒绝，blocked 依赖不伪报完成
  ---
  duration_ms: 371.9039
  type: 'test'
  ...
# Subtest: local save 不构造上游，缺入口/版本/status 故障不影响保存，正式操作仍失败
ok 59 - local save 不构造上游，缺入口/版本/status 故障不影响保存，正式操作仍失败
  ---
  duration_ms: 964.1654
  type: 'test'
  ...
# Subtest: save 校验拒绝不改字节，替换后读回失败保留实际正文与锁
ok 60 - save 校验拒绝不改字节，替换后读回失败保留实际正文与锁
  ---
  duration_ms: 391.2445
  type: 'test'
  ...
# Subtest: Reviewer 无固定 Author 正文可保存，submit 和 continue 保留固定对象检查
ok 61 - Reviewer 无固定 Author 正文可保存，submit 和 continue 保留固定对象检查
  ---
  duration_ms: 490.5516
  type: 'test'
  ...
# Subtest: local save 缺配置/活动目录/当前 Run、损坏配置/受管指针和 junction 逐项拒绝
ok 62 - local save 缺配置/活动目录/当前 Run、损坏配置/受管指针和 junction 逐项拒绝
  ---
  duration_ms: 1677.7519
  type: 'test'
  ...
# Subtest: 本地新 / 已有配置按显式目标读取并保留原字节
ok 63 - 本地新 / 已有配置按显式目标读取并保留原字节
  ---
  duration_ms: 199.5759
  type: 'test'
  ...
# Subtest: config.yml 仅在主配置不存在时使用，损坏主配置不回退
ok 64 - config.yml 仅在主配置不存在时使用，损坏主配置不回退
  ---
  duration_ms: 16.2444
  type: 'test'
  ...
# Subtest: 有效主配置存在时不解析未选用的 config.yml junction
ok 65 - 有效主配置存在时不解析未选用的 config.yml junction
  ---
  duration_ms: 80.3492
  type: 'test'
  ...
# Subtest: store / 坏 YAML / schema / 子目录 / 裸目录在写前拒绝
ok 66 - store / 坏 YAML / schema / 子目录 / 裸目录在写前拒绝
  ---
  duration_ms: 46.0557
  type: 'test'
  ...
# Subtest: 受管路径拒绝越界和指向外部的 junction
ok 67 - 受管路径拒绝越界和指向外部的 junction
  ---
  duration_ms: 117.6705
  type: 'test'
  ...
# Subtest: 真实上游 planning complete 不自动批准或推进本地 Explore
ok 68 - 真实上游 planning complete 不自动批准或推进本地 Explore
  ---
  duration_ms: 6465.9787
  type: 'test'
  ...
# Subtest: 人工 bootstrap 查询保留交接引用，产品 bind 拒绝改写
ok 69 - 人工 bootstrap 查询保留交接引用，产品 bind 拒绝改写
  ---
  duration_ms: 9726.232
  type: 'test'
  ...
# Subtest: 历史链接、旧 Delivery 和未知 Ref 不成为活动查询输入
ok 70 - 历史链接、旧 Delivery 和未知 Ref 不成为活动查询输入
  ---
  duration_ms: 3821.6307
  type: 'test'
  ...
# Subtest: 人工归档交接在旧目录缺失时只读查询，不调用活动 status
ok 71 - 人工归档交接在旧目录缺失时只读查询，不调用活动 status
  ---
  duration_ms: 5137.7814
  type: 'test'
  ...
# Subtest: 必要 binding 的越界 junction 及矛盾归档记录仍拒绝
ok 72 - 必要 binding 的越界 junction 及矛盾归档记录仍拒绝
  ---
  duration_ms: 8806.9034
  type: 'test'
  ...
# Subtest: 缺入口 / manifest / 坏 JSON / 身份不符 / 残留锁只诊断不修复
ok 73 - 缺入口 / manifest / 坏 JSON / 身份不符 / 残留锁只诊断不修复
  ---
  duration_ms: 13161.2096
  type: 'test'
  ...
# Subtest: 人工归档累计编号与路径一致，保留旧无编号格式
ok 74 - 人工归档累计编号与路径一致，保留旧无编号格式
  ---
  duration_ms: 5.7093
  type: 'test'
  ...
# Subtest: 范围的唯一性、依赖闭合与无环检查
ok 75 - 范围的唯一性、依赖闭合与无环检查
  ---
  duration_ms: 0.675
  type: 'test'
  ...
# Subtest: 记录格式、身份、关联与版本必须一致
ok 76 - 记录格式、身份、关联与版本必须一致
  ---
  duration_ms: 0.7268
  type: 'test'
  ...
# Subtest: 完整提交可读回，重复 Open 保留原文件
ok 77 - 完整提交可读回，重复 Open 保留原文件
  ---
  duration_ms: 159.4688
  type: 'test'
  ...
# Subtest: manifest 后 / entry 前 / 读回 / 锁释放故障均不伪报完整成功
ok 78 - manifest 后 / entry 前 / 读回 / 锁释放故障均不伪报完整成功
  ---
  duration_ms: 417.6729
  type: 'test'
  ...
# Subtest: 更新替换失败保持原文件并保留临时现场
ok 79 - 更新替换失败保持原文件并保留临时现场
  ---
  duration_ms: 244.2225
  type: 'test'
  ...
# Subtest: 实际 rename 调用失败时正式 manifest 字节不变
ok 80 - 实际 rename 调用失败时正式 manifest 字节不变
  ---
  duration_ms: 87.2734
  type: 'test'
  ...
# Subtest: 并发写冲突不会删除他人的锁，锁归属改变也不删除
ok 81 - 并发写冲突不会删除他人的锁，锁归属改变也不删除
  ---
  duration_ms: 54.5769
  type: 'test'
  ...
# Subtest: 已有关联的 bind 在创建锁前拒绝
ok 82 - 已有关联的 bind 在创建锁前拒绝
  ---
  duration_ms: 66.7873
  type: 'test'
  ...
1..82
# tests 82
# suites 0
# pass 82
# fail 0
# cancelled 0
# skipped 0
# todo 0
# duration_ms 90681.4246
